  ▲ Next.js 14.2.29
  - Local:        http://localhost:3000
  - Environments: .env.local

 ✓ Starting...
It looks like you're trying to use TypeScript but do not have the required package(s) installed.
Installing dependencies

If you are not trying to use TypeScript, please remove the tsconfig.json file from your package root (and any TypeScript files in your pages directory).


Installing devDependencies (npm):
- typescript
- @types/react


added 81 packages, and audited 480 packages in 9s

98 packages are looking for funding
  run `npm fund` for details

10 vulnerabilities (1 moderate, 8 high, 1 critical)

To address issues that do not require attention, run:
  npm audit fix

To address all issues (including breaking changes), run:
  npm audit fix --force

Run `npm audit` for details.


   We detected TypeScript in your project and created a tsconfig.json file for you.
[?25h
