npm warn ERESOLVE overriding peer dependency
npm warn While resolving: better-auth@1.4.18
npm warn Found: drizzle-orm@0.38.4
npm warn node_modules/@agentcorporation/server/node_modules/drizzle-orm
npm warn   drizzle-orm@"^0.38.4" from @agentcorporation/server@0.3.13
npm warn   node_modules/@agentcorporation/server
npm warn     @agentcorporation/server@"0.3.13" from aicompany@0.3.17
npm warn     node_modules/aicompany
npm warn
npm warn Could not resolve dependency:
npm warn peerOptional drizzle-orm@">=0.41.0" from better-auth@1.4.18
npm warn node_modules/@agentcorporation/server/node_modules/better-auth
npm warn   better-auth@"1.4.18" from @agentcorporation/server@0.3.13
npm warn   node_modules/@agentcorporation/server
npm warn
npm warn Conflicting peer dependency: drizzle-orm@0.45.2
npm warn node_modules/drizzle-orm
npm warn   peerOptional drizzle-orm@">=0.41.0" from better-auth@1.4.18
npm warn   node_modules/@agentcorporation/server/node_modules/better-auth
npm warn     better-auth@"1.4.18" from @agentcorporation/server@0.3.13
npm warn     node_modules/@agentcorporation/server
