npm warn idealTree Removing dependencies.typescript in favor of devDependencies.typescript
npm warn ERESOLVE overriding peer dependency
npm warn While resolving: better-auth@1.4.18
npm warn Found: drizzle-orm@0.38.4
npm warn node_modules/@agentcorporation/server/node_modules/drizzle-orm
npm warn   drizzle-orm@"^0.38.4" from @agentcorporation/server@0.3.13
npm warn   node_modules/@agentcorporation/server
npm warn     @agentcorporation/server@"0.3.13" from aicompany@0.3.17
npm warn     node_modules/aicompany
npm warn
npm warn Could not resolve dependency:
npm warn peerOptional drizzle-orm@">=0.41.0" from better-auth@1.4.18
npm warn node_modules/@agentcorporation/server/node_modules/better-auth
npm warn   better-auth@"1.4.18" from @agentcorporation/server@0.3.13
npm warn   node_modules/@agentcorporation/server
npm warn
npm warn Conflicting peer dependency: drizzle-orm@0.45.2
npm warn node_modules/drizzle-orm
npm warn   peerOptional drizzle-orm@">=0.41.0" from better-auth@1.4.18
npm warn   node_modules/@agentcorporation/server/node_modules/better-auth
npm warn     better-auth@"1.4.18" from @agentcorporation/server@0.3.13
npm warn     node_modules/@agentcorporation/server
TypeError: Cannot read properties of undefined (reading 'endsWith')
    at mod.require (C:\Users\DABRU\OneDrive\Attachments\Solo Founder OS\node_modules\next\dist\server\require-hook.js:62:17)
    at require (node:internal/modules/helpers:135:16)
    at verifyTypeScriptSetup (C:\Users\DABRU\OneDrive\Attachments\Solo Founder OS\node_modules\next\dist\lib\verify-typescript-setup.js:116:42)
    at async verifyTypeScript (C:\Users\DABRU\OneDrive\Attachments\Solo Founder OS\node_modules\next\dist\server\lib\router-utils\setup-dev-bundler.js:112:26)
    at async startWatcher (C:\Users\DABRU\OneDrive\Attachments\Solo Founder OS\node_modules\next\dist\server\lib\router-utils\setup-dev-bundler.js:139:29)
    at async setupDevBundler (C:\Users\DABRU\OneDrive\Attachments\Solo Founder OS\node_modules\next\dist\server\lib\router-utils\setup-dev-bundler.js:775:20)
    at async Span.traceAsyncFn (C:\Users\DABRU\OneDrive\Attachments\Solo Founder OS\node_modules\next\dist\trace\trace.js:154:20)
    at async initialize (C:\Users\DABRU\OneDrive\Attachments\Solo Founder OS\node_modules\next\dist\server\lib\router-server.js:80:30)
    at async Server.<anonymous> (C:\Users\DABRU\OneDrive\Attachments\Solo Founder OS\node_modules\next\dist\server\lib\start-server.js:249:36)
