  ▲ Next.js 14.2.29
  - Local:        http://localhost:3000
  - Environments: .env.local

 ✓ Starting...
 ✓ Ready in 1957ms
 ✓ Compiled /api/tasks in 220ms (103 modules)
 GET /api/poll 200 in 377ms
 GET /api/tasks 200 in 381ms
 GET /api/poll 200 in 17ms
 GET /api/tasks 200 in 28ms
 GET /api/poll 200 in 16ms
 GET /api/tasks 200 in 26ms
 GET /api/poll 200 in 22ms
 GET /api/tasks 200 in 34ms
 GET /api/poll 200 in 28ms
 GET /api/tasks 200 in 42ms
 GET /api/poll 200 in 13ms
 GET /api/tasks 200 in 23ms
 GET /api/poll 200 in 11ms
 GET /api/tasks 200 in 20ms
 GET /api/poll 200 in 12ms
 GET /api/tasks 200 in 19ms
 GET /api/poll 200 in 28ms
 GET /api/tasks 200 in 40ms
 GET /api/poll 200 in 17ms
 GET /api/tasks 200 in 26ms
 GET /api/poll 200 in 33ms
 GET /api/tasks 200 in 45ms
 GET /api/poll 200 in 16ms
 GET /api/tasks 200 in 30ms
 GET /api/poll 200 in 13ms
 GET /api/tasks 200 in 27ms
 GET /api/poll 200 in 13ms
 GET /api/tasks 200 in 23ms
 GET /api/poll 200 in 15ms
 GET /api/tasks 200 in 26ms
 GET /api/poll 200 in 14ms
 GET /api/tasks 200 in 24ms
 GET /api/poll 200 in 14ms
 GET /api/tasks 200 in 23ms
 GET /api/poll 200 in 14ms
 GET /api/tasks 200 in 23ms
 GET /api/poll 200 in 13ms
 GET /api/tasks 200 in 22ms
 GET /api/poll 200 in 12ms
 GET /api/tasks 200 in 23ms
 GET /api/poll 200 in 21ms
 GET /api/tasks 200 in 41ms
 GET /api/poll 200 in 14ms
 GET /api/tasks 200 in 23ms
 ○ Compiling / ...
 ✓ Compiled / in 3.4s (705 modules)
 GET / 200 in 3670ms
 GET /api/poll 200 in 30ms
 GET /api/tasks 200 in 44ms
 GET /api/poll 200 in 13ms
 GET /api/tasks 200 in 22ms
 GET /api/poll 200 in 34ms
 GET /api/tasks 200 in 58ms
 GET /api/poll 200 in 25ms
 GET /api/tasks 200 in 49ms
 GET /api/poll 200 in 14ms
 GET /api/tasks 200 in 23ms
 GET /api/poll 200 in 12ms
 GET /api/tasks 200 in 19ms
 GET /api/poll 200 in 17ms
 GET /api/tasks 200 in 27ms
 GET /api/poll 200 in 17ms
 GET /api/tasks 200 in 29ms
 GET /api/poll 200 in 20ms
 GET /api/tasks 200 in 30ms
 GET /api/poll 200 in 14ms
 GET /api/tasks 200 in 24ms
 GET /api/poll 200 in 15ms
 GET /api/tasks 200 in 23ms
 GET /api/poll 200 in 16ms
 GET /api/tasks 200 in 25ms
 GET /api/poll 200 in 17ms
 GET /api/tasks 200 in 29ms
 GET /api/poll 200 in 13ms
 GET /api/tasks 200 in 22ms
 GET /api/poll 200 in 14ms
 GET /api/tasks 200 in 21ms
 GET /api/poll 200 in 13ms
 GET /api/tasks 200 in 22ms
 GET /api/poll 200 in 11ms
 GET /api/tasks 200 in 22ms
 GET /api/poll 200 in 14ms
 GET /api/tasks 200 in 24ms
 GET /api/poll 200 in 16ms
 GET /api/tasks 200 in 23ms
 GET /api/poll 200 in 15ms
 GET /api/tasks 200 in 25ms
 GET /api/poll 200 in 12ms
 GET /api/tasks 200 in 23ms
 GET /api/poll 200 in 15ms
 GET /api/tasks 200 in 26ms
 GET /api/poll 200 in 12ms
 GET /api/tasks 200 in 24ms
 GET /api/poll 200 in 18ms
 GET /api/tasks 200 in 29ms
 GET /api/poll 200 in 19ms
 GET /api/tasks 200 in 28ms
 GET /api/poll 200 in 12ms
 GET /api/tasks 200 in 20ms
 GET /api/poll 200 in 14ms
 GET /api/tasks 200 in 21ms
 GET /api/poll 200 in 27ms
 GET /api/tasks 200 in 43ms
 GET /api/poll 200 in 15ms
 GET /api/tasks 200 in 25ms
 GET /api/poll 200 in 9ms
 GET /api/tasks 200 in 16ms
 GET /api/poll 200 in 10ms
 GET /api/tasks 200 in 17ms
 GET /api/poll 200 in 31ms
 GET /api/tasks 200 in 52ms
 GET /api/poll 200 in 22ms
 GET /api/tasks 200 in 34ms
 GET /api/poll 200 in 14ms
 GET /api/tasks 200 in 25ms
 GET /api/poll 200 in 12ms
 GET /api/tasks 200 in 20ms
 GET /api/poll 200 in 24ms
 GET /api/tasks 200 in 34ms
 GET /api/poll 200 in 15ms
 GET /api/tasks 200 in 28ms
 GET /api/poll 200 in 15ms
 GET /api/tasks 200 in 25ms
 GET /api/poll 200 in 14ms
 GET /api/tasks 200 in 53ms
 GET /api/poll 200 in 14ms
 GET /api/tasks 200 in 53ms
 GET /api/poll 200 in 15ms
 GET /api/tasks 200 in 25ms
 GET /api/poll 200 in 13ms
 GET /api/tasks 200 in 24ms
 GET /api/poll 200 in 13ms
 GET /api/tasks 200 in 24ms
 GET /api/poll 200 in 13ms
 GET /api/tasks 200 in 22ms
 GET /api/poll 200 in 23ms
 GET /api/tasks 200 in 37ms
 GET /api/poll 200 in 16ms
 GET /api/tasks 200 in 26ms
 GET /api/poll 200 in 16ms
 GET /api/tasks 200 in 24ms
 GET /api/poll 200 in 16ms
 GET /api/tasks 200 in 25ms
 GET /api/poll 200 in 13ms
 GET /api/tasks 200 in 27ms
 GET /api/poll 200 in 16ms
 GET /api/tasks 200 in 25ms
 GET /api/poll 200 in 16ms
 GET /api/tasks 200 in 24ms
 GET /api/poll 200 in 14ms
 GET /api/tasks 200 in 25ms
 GET /api/poll 200 in 17ms
 GET /api/tasks 200 in 25ms
 GET /api/poll 200 in 15ms
 GET /api/tasks 200 in 22ms
 GET /api/poll 200 in 15ms
 GET /api/tasks 200 in 25ms
 GET /api/poll 200 in 15ms
 GET /api/tasks 200 in 21ms
 GET /api/poll 200 in 13ms
 GET /api/tasks 200 in 21ms
 GET /api/poll 200 in 14ms
 GET /api/tasks 200 in 22ms
 GET /api/poll 200 in 14ms
 GET /api/tasks 200 in 24ms
 GET /api/poll 200 in 20ms
 GET /api/tasks 200 in 30ms
 GET /api/poll 200 in 14ms
 GET /api/tasks 200 in 24ms
 GET /api/poll 200 in 14ms
 GET /api/tasks 200 in 22ms
 GET /api/poll 200 in 17ms
 GET /api/tasks 200 in 26ms
 GET /api/poll 200 in 13ms
 GET /api/tasks 200 in 22ms
 GET /api/poll 200 in 15ms
 GET /api/tasks 200 in 26ms
 GET /api/poll 200 in 13ms
 GET /api/tasks 200 in 23ms
